  99%	(0.00 seconds elapsed, 11259335409664 bytes/sec, -333333 nodes/sec)
