  98%	(0.00 seconds elapsed, 14126357151744 bytes/sec, -333333 nodes/sec)
