  100%	(0.00 seconds elapsed, 71404158451712 bytes/sec, -250000 nodes/sec)
