  100%	(0.00 seconds elapsed, 13325216776192 bytes/sec, -250000 nodes/sec)
