  99%	(0.00 seconds elapsed, 11261313024000 bytes/sec, -333333 nodes/sec)
