  100%	(0.00 seconds elapsed, 342871165108224 bytes/sec, -500000 nodes/sec)
