  99%	(0.00 seconds elapsed, 58886614679552 bytes/sec, -500000 nodes/sec)
