  100%	(0.00 seconds elapsed, 71385275695104 bytes/sec, -250000 nodes/sec)
